Run playback for https://www.youtube.com/watch?v=kHwmzef842g
(<<) Collecting info about the video...
Stream 'Webcam Zürich HB' is alive!
This representation will be downloaded:
   - Audio: itag 140, mp4 (mp4a.40.2), 44100 Hz

(<<) Locating start and end in the stream... done.
Actual start: 25 Mar 2023 23:33:54 +0000, seq. 7959120
  Actual end: 25 Mar 2023 23:33:58 +0000, seq. 7959121

(<<) Downloading segments 7959120-7959121 (no merge requested)...
   - Audio ━━━━━━━━━━━━━━━━━━━━━━━━━━━━ 2/2 100% eta 0:00:00

Success! Segments saved to kHwmzef842g~7959120-7959121-140-segments/.
