Success! Manifest has been refreshed, and expires in 2 hours.
