Run playback for https://www.youtube.com/watch?v=kHwmzef842g
(<<) Collecting info about the video...
Stream 'Webcam ZÃ¼rich HB' is alive!
This representation will be downloaded:
   - Audio: itag 140, mp4 (mp4a.40.2), 44100 Hz
~ This is a dry run, just exit.
