Run playback for https://www.youtube.com/watch?v=kHwmzef842g
(<<) Collecting info about the video...
Stream 'Webcam ZÃ¼rich HB' is alive!
This representation will be in the manifest:
                          (Audio)                           
    itag    | Format        | Codec         | Sampling      
------------|---------------|---------------|---------------
    140     | mp4           | mp4a.40.2     | 44100 Hz      

(<<) Locating start and end in the stream... done.
Actual start: 25 Mar 2023 23:33:54 +0000, seq. 7959120
  Actual end: 25 Mar 2023 23:33:58 +0000, seq. 7959121

(<<) Composing MPEG-DASH manifest...
Success! Saved to 'Webcam-Zurich-HB_kHwmzef842g_20230325T233354+00.mpd'.
~ Note that the manifest will expire in 6 hours.
