Run playback for https://www.youtube.com/watch?v=kHwmzef842g
(<<) Collecting info about the video...
Stream 'Webcam Zürich HB' is alive!
This representation will be downloaded:
   - Audio: itag 140, mp4 (mp4a.40.2), 44100 Hz

(<<) Locating start and end in the stream... done.
Actual start: 25 Mar 2023 23:33:54 +0000 (-00:01), seq. 7959120
  Actual end: 25 Mar 2023 23:33:58 +0000, seq. 7959121

(<<) Preparing and saving the excerpt...
1. Downloading segments 7959120-7959121:
   - Audio ---------------------------- 2/2 100% eta 0:00:00
2. Merging segments (no cut requested)... done.

Success! Saved to 'Webcam-Zurich-HB_kHwmzef842g_20230325T233355+00.mp4'.
